Release 14.7 - xst P.20131013 (nt64)
Copyright (c) 1995-2013 Xilinx, Inc.  All rights reserved.
--> Parameter TMPDIR set to xst/projnav.tmp


Total REAL time to Xst completion: 0.00 secs
Total CPU time to Xst completion: 0.11 secs
 
--> Parameter xsthdpdir set to xst


Total REAL time to Xst completion: 0.00 secs
Total CPU time to Xst completion: 0.11 secs
 
--> Reading design: ClassType.prj

TABLE OF CONTENTS
  1) Synthesis Options Summary
  2) HDL Compilation
  3) Design Hierarchy Analysis
  4) HDL Analysis
  5) HDL Synthesis
     5.1) HDL Synthesis Report
  6) Advanced HDL Synthesis
     6.1) Advanced HDL Synthesis Report
  7) Low Level Synthesis
  8) Partition Report
  9) Final Report
	9.1) Device utilization summary
	9.2) Partition Resource Summary
	9.3) TIMING REPORT


=========================================================================
*                      Synthesis Options Summary                        *
=========================================================================
---- Source Parameters
Input File Name                    : "ClassType.prj"
Input Format                       : mixed
Ignore Synthesis Constraint File   : NO

---- Target Parameters
Output File Name                   : "ClassType"
Output Format                      : NGC
Target Device                      : xc3s400-5-pq208

---- Source Options
Top Module Name                    : ClassType
Automatic FSM Extraction           : YES
FSM Encoding Algorithm             : Auto
Safe Implementation                : No
FSM Style                          : LUT
RAM Extraction                     : Yes
RAM Style                          : Auto
ROM Extraction                     : Yes
Mux Style                          : Auto
Decoder Extraction                 : YES
Priority Encoder Extraction        : Yes
Shift Register Extraction          : YES
Logical Shifter Extraction         : YES
XOR Collapsing                     : YES
ROM Style                          : Auto
Mux Extraction                     : Yes
Resource Sharing                   : YES
Asynchronous To Synchronous        : NO
Multiplier Style                   : Auto
Automatic Register Balancing       : No

---- Target Options
Add IO Buffers                     : YES
Global Maximum Fanout              : 100000
Add Generic Clock Buffer(BUFG)     : 8
Register Duplication               : YES
Slice Packing                      : YES
Optimize Instantiated Primitives   : NO
Use Clock Enable                   : Yes
Use Synchronous Set                : Yes
Use Synchronous Reset              : Yes
Pack IO Registers into IOBs        : Auto
Equivalent register Removal        : YES

---- General Options
Optimization Goal                  : Speed
Optimization Effort                : 1
Keep Hierarchy                     : No
Netlist Hierarchy                  : As_Optimized
RTL Output                         : Yes
Global Optimization                : AllClockNets
Read Cores                         : YES
Write Timing Constraints           : NO
Cross Clock Analysis               : NO
Hierarchy Separator                : /
Bus Delimiter                      : <>
Case Specifier                     : Maintain
Slice Utilization Ratio            : 100
BRAM Utilization Ratio             : 100
Verilog 2001                       : YES
Auto BRAM Packing                  : NO
Slice Utilization Ratio Delta      : 5

---- Other Options
Cores Search Directories           : {"ipcore_dir"  }

=========================================================================


=========================================================================
*                          HDL Compilation                              *
=========================================================================
Compiling verilog file "ClassType.v" in library work
Module <C2D> compiled
Module <ClassType> compiled
No errors in compilation
Analysis of file <"ClassType.prj"> succeeded.
 

=========================================================================
*                     Design Hierarchy Analysis                         *
=========================================================================
Analyzing hierarchy for module <ClassType> in library <work>.

Analyzing hierarchy for module <C2D> in library <work>.


=========================================================================
*                            HDL Analysis                               *
=========================================================================
Analyzing top module <ClassType>.
Module <ClassType> is correct for synthesis.
 
Analyzing module <C2D> in library <work>.
Module <C2D> is correct for synthesis.
 

=========================================================================
*                           HDL Synthesis                               *
=========================================================================

Performing bidirectional port resolution...

Synthesizing Unit <C2D>.
    Related source file is "ClassType.v".
    Found 8-bit comparator greater for signal <Y$cmp_gt0000> created at line 11.
    Summary:
	inferred   1 Comparator(s).
Unit <C2D> synthesized.


Synthesizing Unit <ClassType>.
    Related source file is "ClassType.v".
WARNING:Xst:646 - Signal <valueG> is assigned but never used. This unconnected signal will be trimmed during the optimization process.
Unit <ClassType> synthesized.


=========================================================================
HDL Synthesis Report

Macro Statistics
# Comparators                                          : 9
 8-bit comparator greater                              : 9

=========================================================================

=========================================================================
*                       Advanced HDL Synthesis                          *
=========================================================================


=========================================================================
Advanced HDL Synthesis Report

Macro Statistics
# Comparators                                          : 9
 8-bit comparator greater                              : 9

=========================================================================

=========================================================================
*                         Low Level Synthesis                           *
=========================================================================

Optimizing unit <ClassType> ...

Optimizing unit <C2D> ...

Mapping all equations...
Building and optimizing final netlist ...
Found area constraint ratio of 100 (+ 5) on block ClassType, actual ratio is 2.

Final Macro Processing ...

=========================================================================
Final Register Report

Found no macro
=========================================================================

=========================================================================
*                           Partition Report                            *
=========================================================================

Partition Implementation Status
-------------------------------

  No Partitions were found in this design.

-------------------------------

=========================================================================
*                            Final Report                               *
=========================================================================
Final Results
RTL Top Level Output File Name     : ClassType.ngr
Top Level Output File Name         : ClassType
Output Format                      : NGC
Optimization Goal                  : Speed
Keep Hierarchy                     : No

Design Statistics
# IOs                              : 88

Cell Usage :
# BELS                             : 209
#      GND                         : 1
#      LUT2                        : 41
#      LUT3                        : 57
#      LUT4                        : 35
#      MUXCY                       : 72
#      MUXF5                       : 2
#      VCC                         : 1
# IO Buffers                       : 88
#      IBUF                        : 80
#      OBUF                        : 8
=========================================================================

Device utilization summary:
---------------------------

Selected Device : 3s400pq208-5 

 Number of Slices:                       71  out of   3584     1%  
 Number of 4 input LUTs:                133  out of   7168     1%  
 Number of IOs:                          88
 Number of bonded IOBs:                  88  out of    141    62%  

---------------------------
Partition Resource Summary:
---------------------------

  No Partitions were found in this design.

---------------------------


=========================================================================
TIMING REPORT

NOTE: THESE TIMING NUMBERS ARE ONLY A SYNTHESIS ESTIMATE.
      FOR ACCURATE TIMING INFORMATION PLEASE REFER TO THE TRACE REPORT
      GENERATED AFTER PLACE-and-ROUTE.

Clock Information:
------------------
No clock signals found in this design

Asynchronous Control Signals Information:
----------------------------------------
No asynchronous control signals found in this design

Timing Summary:
---------------
Speed Grade: -5

   Minimum period: No path found
   Minimum input arrival time before clock: No path found
   Maximum output required time after clock: No path found
   Maximum combinational path delay: 21.814ns

Timing Detail:
--------------
All values displayed in nanoseconds (ns)

=========================================================================
Timing constraint: Default path analysis
  Total number of paths / destination ports: 663484 / 4
-------------------------------------------------------------------------
Delay:               21.814ns (Levels of Logic = 42)
  Source:            array<56> (PAD)
  Destination:       indexG<0> (PAD)

  Data Path: array<56> to indexG<0>
                                Gate     Net
    Cell:in->out      fanout   Delay   Delay  Logical Name (Net Name)
    ----------------------------------------  ------------
     IBUF:I->O             2   0.715   1.040  array_56_IBUF (array_56_IBUF)
     LUT2:I0->O            1   0.479   0.000  gen_comps_l1[6].cl1/Mcompar_Y_cmp_gt0000_lut<0> (gen_comps_l1[6].cl1/Mcompar_Y_cmp_gt0000_lut<0>)
     MUXCY:S->O            1   0.435   0.000  gen_comps_l1[6].cl1/Mcompar_Y_cmp_gt0000_cy<0> (gen_comps_l1[6].cl1/Mcompar_Y_cmp_gt0000_cy<0>)
     MUXCY:CI->O           1   0.056   0.000  gen_comps_l1[6].cl1/Mcompar_Y_cmp_gt0000_cy<1> (gen_comps_l1[6].cl1/Mcompar_Y_cmp_gt0000_cy<1>)
     MUXCY:CI->O           1   0.056   0.000  gen_comps_l1[6].cl1/Mcompar_Y_cmp_gt0000_cy<2> (gen_comps_l1[6].cl1/Mcompar_Y_cmp_gt0000_cy<2>)
     MUXCY:CI->O           1   0.056   0.000  gen_comps_l1[6].cl1/Mcompar_Y_cmp_gt0000_cy<3> (gen_comps_l1[6].cl1/Mcompar_Y_cmp_gt0000_cy<3>)
     MUXCY:CI->O           1   0.056   0.000  gen_comps_l1[6].cl1/Mcompar_Y_cmp_gt0000_cy<4> (gen_comps_l1[6].cl1/Mcompar_Y_cmp_gt0000_cy<4>)
     MUXCY:CI->O           1   0.056   0.000  gen_comps_l1[6].cl1/Mcompar_Y_cmp_gt0000_cy<5> (gen_comps_l1[6].cl1/Mcompar_Y_cmp_gt0000_cy<5>)
     MUXCY:CI->O           1   0.056   0.000  gen_comps_l1[6].cl1/Mcompar_Y_cmp_gt0000_cy<6> (gen_comps_l1[6].cl1/Mcompar_Y_cmp_gt0000_cy<6>)
     MUXCY:CI->O          16   0.264   1.346  gen_comps_l1[6].cl1/Mcompar_Y_cmp_gt0000_cy<7> (gen_comps_l1[6].cl1/Mcompar_Y_cmp_gt0000_cy<7>)
     LUT3:I0->O            2   0.479   0.804  gen_comps_l1[6].cl1/Y<0>1 (value_l1<3><0>)
     LUT4:I2->O            1   0.479   0.000  gen_comps_l2[2].cl2/Mcompar_Y_cmp_gt0000_lut<0> (gen_comps_l2[2].cl2/Mcompar_Y_cmp_gt0000_lut<0>)
     MUXCY:S->O            1   0.435   0.000  gen_comps_l2[2].cl2/Mcompar_Y_cmp_gt0000_cy<0> (gen_comps_l2[2].cl2/Mcompar_Y_cmp_gt0000_cy<0>)
     MUXCY:CI->O           1   0.056   0.000  gen_comps_l2[2].cl2/Mcompar_Y_cmp_gt0000_cy<1> (gen_comps_l2[2].cl2/Mcompar_Y_cmp_gt0000_cy<1>)
     MUXCY:CI->O           1   0.056   0.000  gen_comps_l2[2].cl2/Mcompar_Y_cmp_gt0000_cy<2> (gen_comps_l2[2].cl2/Mcompar_Y_cmp_gt0000_cy<2>)
     MUXCY:CI->O           1   0.056   0.000  gen_comps_l2[2].cl2/Mcompar_Y_cmp_gt0000_cy<3> (gen_comps_l2[2].cl2/Mcompar_Y_cmp_gt0000_cy<3>)
     MUXCY:CI->O           1   0.056   0.000  gen_comps_l2[2].cl2/Mcompar_Y_cmp_gt0000_cy<4> (gen_comps_l2[2].cl2/Mcompar_Y_cmp_gt0000_cy<4>)
     MUXCY:CI->O           1   0.056   0.000  gen_comps_l2[2].cl2/Mcompar_Y_cmp_gt0000_cy<5> (gen_comps_l2[2].cl2/Mcompar_Y_cmp_gt0000_cy<5>)
     MUXCY:CI->O           1   0.056   0.000  gen_comps_l2[2].cl2/Mcompar_Y_cmp_gt0000_cy<6> (gen_comps_l2[2].cl2/Mcompar_Y_cmp_gt0000_cy<6>)
     MUXCY:CI->O          18   0.264   1.374  gen_comps_l2[2].cl2/Mcompar_Y_cmp_gt0000_cy<7> (gen_comps_l2[2].cl2/Mcompar_Y_cmp_gt0000_cy<7>)
     LUT4:I1->O            1   0.479   0.000  gen_comps_l2[2].cl2/Y<0>12 (gen_comps_l2[2].cl2/Y<0>11)
     MUXF5:I0->O           2   0.314   0.804  gen_comps_l2[2].cl2/Y<0>1_f5 (value_l2<1><0>)
     LUT4:I2->O            1   0.479   0.000  gen_comps_l3[0].cl3/Mcompar_Y_cmp_gt0000_lut<0> (gen_comps_l3[0].cl3/Mcompar_Y_cmp_gt0000_lut<0>)
     MUXCY:S->O            1   0.435   0.000  gen_comps_l3[0].cl3/Mcompar_Y_cmp_gt0000_cy<0> (gen_comps_l3[0].cl3/Mcompar_Y_cmp_gt0000_cy<0>)
     MUXCY:CI->O           1   0.056   0.000  gen_comps_l3[0].cl3/Mcompar_Y_cmp_gt0000_cy<1> (gen_comps_l3[0].cl3/Mcompar_Y_cmp_gt0000_cy<1>)
     MUXCY:CI->O           1   0.056   0.000  gen_comps_l3[0].cl3/Mcompar_Y_cmp_gt0000_cy<2> (gen_comps_l3[0].cl3/Mcompar_Y_cmp_gt0000_cy<2>)
     MUXCY:CI->O           1   0.056   0.000  gen_comps_l3[0].cl3/Mcompar_Y_cmp_gt0000_cy<3> (gen_comps_l3[0].cl3/Mcompar_Y_cmp_gt0000_cy<3>)
     MUXCY:CI->O           1   0.056   0.000  gen_comps_l3[0].cl3/Mcompar_Y_cmp_gt0000_cy<4> (gen_comps_l3[0].cl3/Mcompar_Y_cmp_gt0000_cy<4>)
     MUXCY:CI->O           1   0.056   0.000  gen_comps_l3[0].cl3/Mcompar_Y_cmp_gt0000_cy<5> (gen_comps_l3[0].cl3/Mcompar_Y_cmp_gt0000_cy<5>)
     MUXCY:CI->O           1   0.056   0.000  gen_comps_l3[0].cl3/Mcompar_Y_cmp_gt0000_cy<6> (gen_comps_l3[0].cl3/Mcompar_Y_cmp_gt0000_cy<6>)
     MUXCY:CI->O          11   0.264   1.267  gen_comps_l3[0].cl3/Mcompar_Y_cmp_gt0000_cy<7> (gen_comps_l3[0].cl3/Mcompar_Y_cmp_gt0000_cy<7>)
     LUT4:I0->O            1   0.479   0.000  gen_comps_l4[0].cl3/Mcompar_Y_cmp_gt0000_lut<0> (gen_comps_l4[0].cl3/Mcompar_Y_cmp_gt0000_lut<0>)
     MUXCY:S->O            1   0.435   0.000  gen_comps_l4[0].cl3/Mcompar_Y_cmp_gt0000_cy<0> (gen_comps_l4[0].cl3/Mcompar_Y_cmp_gt0000_cy<0>)
     MUXCY:CI->O           1   0.056   0.000  gen_comps_l4[0].cl3/Mcompar_Y_cmp_gt0000_cy<1> (gen_comps_l4[0].cl3/Mcompar_Y_cmp_gt0000_cy<1>)
     MUXCY:CI->O           1   0.056   0.000  gen_comps_l4[0].cl3/Mcompar_Y_cmp_gt0000_cy<2> (gen_comps_l4[0].cl3/Mcompar_Y_cmp_gt0000_cy<2>)
     MUXCY:CI->O           1   0.056   0.000  gen_comps_l4[0].cl3/Mcompar_Y_cmp_gt0000_cy<3> (gen_comps_l4[0].cl3/Mcompar_Y_cmp_gt0000_cy<3>)
     MUXCY:CI->O           1   0.056   0.000  gen_comps_l4[0].cl3/Mcompar_Y_cmp_gt0000_cy<4> (gen_comps_l4[0].cl3/Mcompar_Y_cmp_gt0000_cy<4>)
     MUXCY:CI->O           1   0.056   0.000  gen_comps_l4[0].cl3/Mcompar_Y_cmp_gt0000_cy<5> (gen_comps_l4[0].cl3/Mcompar_Y_cmp_gt0000_cy<5>)
     MUXCY:CI->O           1   0.056   0.000  gen_comps_l4[0].cl3/Mcompar_Y_cmp_gt0000_cy<6> (gen_comps_l4[0].cl3/Mcompar_Y_cmp_gt0000_cy<6>)
     MUXCY:CI->O           4   0.265   1.074  gen_comps_l4[0].cl3/Mcompar_Y_cmp_gt0000_cy<7> (gen_comps_l4[0].cl3/Mcompar_Y_cmp_gt0000_cy<7>)
     LUT3:I0->O            1   0.479   0.681  gen_comps_l4[0].cl3/indexY<0>74 (indexG_0_OBUF)
     OBUF:I->O                 4.909          indexG_0_OBUF (indexG<0>)
    ----------------------------------------
    Total                     21.814ns (13.421ns logic, 8.393ns route)
                                       (61.5% logic, 38.5% route)

=========================================================================


Total REAL time to Xst completion: 4.00 secs
Total CPU time to Xst completion: 4.07 secs
 
--> 

Total memory usage is 4534984 kilobytes

Number of errors   :    0 (   0 filtered)
Number of warnings :   11 (   0 filtered)
Number of infos    :    0 (   0 filtered)

